// Validating benchmarks:
// ***** BenchmarkRunner: Start   *****
// ***** Found 8 benchmark(s) in total *****
// ***** Building 1 exe(s) in Parallel: Start   *****
// start dotnet  restore /p:UseSharedCompilation=false /p:BuildInParallel=false /m:1 /p:Deterministic=true /p:Optimize=true in /app/src/DynamicCombat.Benchmarks/bin/Release/net8.0/9134a51e-55ab-4608-9f12-205e9b4246c1
// command took 2.55 sec and exited with 0
// start dotnet  build -c Release --no-restore /p:UseSharedCompilation=false /p:BuildInParallel=false /m:1 /p:Deterministic=true /p:Optimize=true in /app/src/DynamicCombat.Benchmarks/bin/Release/net8.0/9134a51e-55ab-4608-9f12-205e9b4246c1
// command took 6.31 sec and exited with 0
// ***** Done, took 00:00:09 (9.29 sec)   *****
// Found 8 benchmarks:
//   UpdateTargetsBenchmark.Baseline_List: DefaultJob [NumberOfAgents=10]
//   UpdateTargetsBenchmark.Optimized_HashSet: DefaultJob [NumberOfAgents=10]
//   UpdateTargetsBenchmark.Baseline_List: DefaultJob [NumberOfAgents=50]
//   UpdateTargetsBenchmark.Optimized_HashSet: DefaultJob [NumberOfAgents=50]
//   UpdateTargetsBenchmark.Baseline_List: DefaultJob [NumberOfAgents=100]
//   UpdateTargetsBenchmark.Optimized_HashSet: DefaultJob [NumberOfAgents=100]
//   UpdateTargetsBenchmark.Baseline_List: DefaultJob [NumberOfAgents=500]
//   UpdateTargetsBenchmark.Optimized_HashSet: DefaultJob [NumberOfAgents=500]

// **************************
// Benchmark: UpdateTargetsBenchmark.Baseline_List: DefaultJob [NumberOfAgents=10]
// *** Execute ***
// Launch: 1 / 1
// Execute: dotnet 9134a51e-55ab-4608-9f12-205e9b4246c1.dll --anonymousPipes 109 110 --benchmarkName "DynamicCombat.Benchmarks.UpdateTargetsBenchmark.Baseline_List(NumberOfAgents: 10)" --job Default --benchmarkId 0 in /app/src/DynamicCombat.Benchmarks/bin/Release/net8.0/9134a51e-55ab-4608-9f12-205e9b4246c1/bin/Release/net8.0
// Failed to set up high priority (Permission denied). In order to run benchmarks with high priority, make sure you have the right permissions.
// BeforeAnythingElse

// Benchmark Process Environment Information:
// BenchmarkDotNet v0.13.12
// Runtime=.NET 8.0.24 (8.0.2426.7010), X64 RyuJIT AVX2
// GC=Concurrent Workstation
// HardwareIntrinsics=AVX2,AES,BMI1,BMI2,FMA,LZCNT,PCLMUL,POPCNT VectorSize=256
// Job: DefaultJob

OverheadJitting  1: 1 op, 352677.00 ns, 352.6770 us/op
WorkloadJitting  1: 1 op, 812119.00 ns, 812.1190 us/op

OverheadJitting  2: 16 op, 301911.00 ns, 18.8694 us/op
WorkloadJitting  2: 16 op, 375204.00 ns, 23.4503 us/op

WorkloadPilot    1: 16 op, 52920.00 ns, 3.3075 us/op
WorkloadPilot    2: 32 op, 59316.00 ns, 1.8536 us/op
WorkloadPilot    3: 64 op, 137884.00 ns, 2.1544 us/op
WorkloadPilot    4: 128 op, 183506.00 ns, 1.4336 us/op
WorkloadPilot    5: 256 op, 362369.00 ns, 1.4155 us/op
WorkloadPilot    6: 512 op, 717343.00 ns, 1.4011 us/op
WorkloadPilot    7: 1024 op, 1320198.00 ns, 1.2893 us/op
WorkloadPilot    8: 2048 op, 2824762.00 ns, 1.3793 us/op
WorkloadPilot    9: 4096 op, 5451539.00 ns, 1.3309 us/op
WorkloadPilot   10: 8192 op, 10915375.00 ns, 1.3324 us/op
WorkloadPilot   11: 16384 op, 21661529.00 ns, 1.3221 us/op
WorkloadPilot   12: 32768 op, 43428377.00 ns, 1.3253 us/op
WorkloadPilot   13: 65536 op, 77855328.00 ns, 1.1880 us/op
WorkloadPilot   14: 131072 op, 80852676.00 ns, 616.8570 ns/op
WorkloadPilot   15: 262144 op, 135610722.00 ns, 517.3139 ns/op
WorkloadPilot   16: 524288 op, 272457924.00 ns, 519.6722 ns/op
WorkloadPilot   17: 1048576 op, 543133693.00 ns, 517.9727 ns/op

OverheadWarmup   1: 1048576 op, 3736607.00 ns, 3.5635 ns/op
OverheadWarmup   2: 1048576 op, 3755826.00 ns, 3.5818 ns/op
OverheadWarmup   3: 1048576 op, 3722190.00 ns, 3.5498 ns/op
OverheadWarmup   4: 1048576 op, 3752660.00 ns, 3.5788 ns/op
OverheadWarmup   5: 1048576 op, 3767365.00 ns, 3.5928 ns/op
OverheadWarmup   6: 1048576 op, 3726948.00 ns, 3.5543 ns/op

OverheadActual   1: 1048576 op, 3765180.00 ns, 3.5908 ns/op
OverheadActual   2: 1048576 op, 3781286.00 ns, 3.6061 ns/op
OverheadActual   3: 1048576 op, 3842960.00 ns, 3.6649 ns/op
OverheadActual   4: 1048576 op, 3720995.00 ns, 3.5486 ns/op
OverheadActual   5: 1048576 op, 3817000.00 ns, 3.6402 ns/op
OverheadActual   6: 1048576 op, 3714653.00 ns, 3.5426 ns/op
OverheadActual   7: 1048576 op, 3740480.00 ns, 3.5672 ns/op
OverheadActual   8: 1048576 op, 3735832.00 ns, 3.5628 ns/op
OverheadActual   9: 1048576 op, 3756576.00 ns, 3.5826 ns/op
OverheadActual  10: 1048576 op, 3780425.00 ns, 3.6053 ns/op
OverheadActual  11: 1048576 op, 3769444.00 ns, 3.5948 ns/op
OverheadActual  12: 1048576 op, 3785576.00 ns, 3.6102 ns/op
OverheadActual  13: 1048576 op, 3764054.00 ns, 3.5897 ns/op
OverheadActual  14: 1048576 op, 3733199.00 ns, 3.5603 ns/op
OverheadActual  15: 1048576 op, 3736819.00 ns, 3.5637 ns/op

WorkloadWarmup   1: 1048576 op, 559076212.00 ns, 533.1766 ns/op
WorkloadWarmup   2: 1048576 op, 579330300.00 ns, 552.4924 ns/op
WorkloadWarmup   3: 1048576 op, 547882250.00 ns, 522.5012 ns/op
WorkloadWarmup   4: 1048576 op, 546660471.00 ns, 521.3361 ns/op
WorkloadWarmup   5: 1048576 op, 546237919.00 ns, 520.9331 ns/op
WorkloadWarmup   6: 1048576 op, 543489304.00 ns, 518.3118 ns/op
WorkloadWarmup   7: 1048576 op, 544507757.00 ns, 519.2831 ns/op
WorkloadWarmup   8: 1048576 op, 542729291.00 ns, 517.5870 ns/op

// BeforeActualRun
WorkloadActual   1: 1048576 op, 546804274.00 ns, 521.4732 ns/op
WorkloadActual   2: 1048576 op, 541486756.00 ns, 516.4020 ns/op
WorkloadActual   3: 1048576 op, 541285153.00 ns, 516.2097 ns/op
WorkloadActual   4: 1048576 op, 543005315.00 ns, 517.8502 ns/op
WorkloadActual   5: 1048576 op, 544782856.00 ns, 519.5454 ns/op
WorkloadActual   6: 1048576 op, 544148941.00 ns, 518.9409 ns/op
WorkloadActual   7: 1048576 op, 541479784.00 ns, 516.3954 ns/op
WorkloadActual   8: 1048576 op, 543547667.00 ns, 518.3674 ns/op
WorkloadActual   9: 1048576 op, 542468205.00 ns, 517.3380 ns/op
WorkloadActual  10: 1048576 op, 544251161.00 ns, 519.0384 ns/op
WorkloadActual  11: 1048576 op, 543176387.00 ns, 518.0134 ns/op
WorkloadActual  12: 1048576 op, 542098802.00 ns, 516.9857 ns/op
WorkloadActual  13: 1048576 op, 544112358.00 ns, 518.9060 ns/op
WorkloadActual  14: 1048576 op, 543549040.00 ns, 518.3688 ns/op
WorkloadActual  15: 1048576 op, 542118676.00 ns, 517.0047 ns/op

// AfterActualRun
WorkloadResult   1: 1048576 op, 543040220.00 ns, 517.8835 ns/op
WorkloadResult   2: 1048576 op, 537722702.00 ns, 512.8123 ns/op
WorkloadResult   3: 1048576 op, 537521099.00 ns, 512.6201 ns/op
WorkloadResult   4: 1048576 op, 539241261.00 ns, 514.2605 ns/op
WorkloadResult   5: 1048576 op, 541018802.00 ns, 515.9557 ns/op
WorkloadResult   6: 1048576 op, 540384887.00 ns, 515.3512 ns/op
WorkloadResult   7: 1048576 op, 537715730.00 ns, 512.8057 ns/op
WorkloadResult   8: 1048576 op, 539783613.00 ns, 514.7778 ns/op
WorkloadResult   9: 1048576 op, 538704151.00 ns, 513.7483 ns/op
WorkloadResult  10: 1048576 op, 540487107.00 ns, 515.4487 ns/op
WorkloadResult  11: 1048576 op, 539412333.00 ns, 514.4237 ns/op
WorkloadResult  12: 1048576 op, 538334748.00 ns, 513.3960 ns/op
WorkloadResult  13: 1048576 op, 540348304.00 ns, 515.3163 ns/op
WorkloadResult  14: 1048576 op, 539784986.00 ns, 514.7791 ns/op
WorkloadResult  15: 1048576 op, 538354622.00 ns, 513.4150 ns/op
// GC:  14 0 0 335545056 1048576
// Threading:  0 0 1048576

// AfterAll
// Benchmark Process 4497 has exited with code 0.

Mean = 514.466 ns, StdErr = 0.367 ns (0.07%), N = 15, StdDev = 1.421 ns
Min = 512.620 ns, Q1 = 513.405 ns, Median = 514.424 ns, Q3 = 515.334 ns, Max = 517.884 ns
IQR = 1.928 ns, LowerFence = 510.513 ns, UpperFence = 518.226 ns
ConfidenceInterval = [512.947 ns; 515.986 ns] (CI 99.9%), Margin = 1.519 ns (0.30% of Mean)
Skewness = 0.64, Kurtosis = 2.83, MValue = 2

// ** Remained 7 (87.5 %) benchmark(s) to run. Estimated finish 2026-06-05 3:12 (0h 1m from now) **
// **************************
// Benchmark: UpdateTargetsBenchmark.Optimized_HashSet: DefaultJob [NumberOfAgents=10]
// *** Execute ***
// Launch: 1 / 1
// Execute: dotnet 9134a51e-55ab-4608-9f12-205e9b4246c1.dll --anonymousPipes 111 112 --benchmarkName "DynamicCombat.Benchmarks.UpdateTargetsBenchmark.Optimized_HashSet(NumberOfAgents: 10)" --job Default --benchmarkId 1 in /app/src/DynamicCombat.Benchmarks/bin/Release/net8.0/9134a51e-55ab-4608-9f12-205e9b4246c1/bin/Release/net8.0
// Failed to set up high priority (Permission denied). In order to run benchmarks with high priority, make sure you have the right permissions.
// BeforeAnythingElse

// Benchmark Process Environment Information:
// BenchmarkDotNet v0.13.12
// Runtime=.NET 8.0.24 (8.0.2426.7010), X64 RyuJIT AVX2
// GC=Concurrent Workstation
// HardwareIntrinsics=AVX2,AES,BMI1,BMI2,FMA,LZCNT,PCLMUL,POPCNT VectorSize=256
// Job: DefaultJob

OverheadJitting  1: 1 op, 326924.00 ns, 326.9240 us/op
WorkloadJitting  1: 1 op, 816438.00 ns, 816.4380 us/op

OverheadJitting  2: 16 op, 289961.00 ns, 18.1226 us/op
WorkloadJitting  2: 16 op, 402731.00 ns, 25.1707 us/op

WorkloadPilot    1: 16 op, 57901.00 ns, 3.6188 us/op
WorkloadPilot    2: 32 op, 94359.00 ns, 2.9487 us/op
WorkloadPilot    3: 64 op, 148463.00 ns, 2.3197 us/op
WorkloadPilot    4: 128 op, 338587.00 ns, 2.6452 us/op
WorkloadPilot    5: 256 op, 604909.00 ns, 2.3629 us/op
WorkloadPilot    6: 512 op, 1006897.00 ns, 1.9666 us/op
WorkloadPilot    7: 1024 op, 2156312.00 ns, 2.1058 us/op
WorkloadPilot    8: 2048 op, 4299541.00 ns, 2.0994 us/op
WorkloadPilot    9: 4096 op, 8461273.00 ns, 2.0657 us/op
WorkloadPilot   10: 8192 op, 17072388.00 ns, 2.0840 us/op
WorkloadPilot   11: 16384 op, 33383094.00 ns, 2.0375 us/op
WorkloadPilot   12: 32768 op, 58753213.00 ns, 1.7930 us/op
WorkloadPilot   13: 65536 op, 75993500.00 ns, 1.1596 us/op
WorkloadPilot   14: 131072 op, 118801862.00 ns, 906.3863 ns/op
WorkloadPilot   15: 262144 op, 235952543.00 ns, 900.0875 ns/op
WorkloadPilot   16: 524288 op, 474196081.00 ns, 904.4572 ns/op
WorkloadPilot   17: 1048576 op, 1018471224.00 ns, 971.2898 ns/op

OverheadWarmup   1: 1048576 op, 3817664.00 ns, 3.6408 ns/op
OverheadWarmup   2: 1048576 op, 3866863.00 ns, 3.6877 ns/op
OverheadWarmup   3: 1048576 op, 3783866.00 ns, 3.6086 ns/op
OverheadWarmup   4: 1048576 op, 3917901.00 ns, 3.7364 ns/op
OverheadWarmup   5: 1048576 op, 3875751.00 ns, 3.6962 ns/op

OverheadActual   1: 1048576 op, 3875447.00 ns, 3.6959 ns/op
OverheadActual   2: 1048576 op, 3831277.00 ns, 3.6538 ns/op
OverheadActual   3: 1048576 op, 3864960.00 ns, 3.6859 ns/op
OverheadActual   4: 1048576 op, 3805293.00 ns, 3.6290 ns/op
OverheadActual   5: 1048576 op, 3799450.00 ns, 3.6234 ns/op
OverheadActual   6: 1048576 op, 3825799.00 ns, 3.6486 ns/op
OverheadActual   7: 1048576 op, 3902747.00 ns, 3.7219 ns/op
OverheadActual   8: 1048576 op, 3819854.00 ns, 3.6429 ns/op
OverheadActual   9: 1048576 op, 3848217.00 ns, 3.6699 ns/op
OverheadActual  10: 1048576 op, 3811794.00 ns, 3.6352 ns/op
OverheadActual  11: 1048576 op, 3794165.00 ns, 3.6184 ns/op
OverheadActual  12: 1048576 op, 3816066.00 ns, 3.6393 ns/op
OverheadActual  13: 1048576 op, 3825511.00 ns, 3.6483 ns/op
OverheadActual  14: 1048576 op, 3859535.00 ns, 3.6807 ns/op
OverheadActual  15: 1048576 op, 3811394.00 ns, 3.6348 ns/op

WorkloadWarmup   1: 1048576 op, 977421455.00 ns, 932.1417 ns/op
WorkloadWarmup   2: 1048576 op, 960585681.00 ns, 916.0859 ns/op
WorkloadWarmup   3: 1048576 op, 956042435.00 ns, 911.7531 ns/op
WorkloadWarmup   4: 1048576 op, 946818532.00 ns, 902.9565 ns/op
WorkloadWarmup   5: 1048576 op, 948648087.00 ns, 904.7013 ns/op
WorkloadWarmup   6: 1048576 op, 943670455.00 ns, 899.9543 ns/op
WorkloadWarmup   7: 1048576 op, 949224816.00 ns, 905.2513 ns/op
WorkloadWarmup   8: 1048576 op, 947162170.00 ns, 903.2842 ns/op

// BeforeActualRun
WorkloadActual   1: 1048576 op, 944596636.00 ns, 900.8376 ns/op
WorkloadActual   2: 1048576 op, 944248468.00 ns, 900.5055 ns/op
WorkloadActual   3: 1048576 op, 947885990.00 ns, 903.9745 ns/op
WorkloadActual   4: 1048576 op, 947774471.00 ns, 903.8682 ns/op
WorkloadActual   5: 1048576 op, 942461288.00 ns, 898.8011 ns/op
WorkloadActual   6: 1048576 op, 942912782.00 ns, 899.2317 ns/op
WorkloadActual   7: 1048576 op, 945578322.00 ns, 901.7738 ns/op
WorkloadActual   8: 1048576 op, 943345376.00 ns, 899.6443 ns/op
WorkloadActual   9: 1048576 op, 946613085.00 ns, 902.7606 ns/op
WorkloadActual  10: 1048576 op, 945125969.00 ns, 901.3424 ns/op
WorkloadActual  11: 1048576 op, 941063429.00 ns, 897.4680 ns/op
WorkloadActual  12: 1048576 op, 940348545.00 ns, 896.7863 ns/op
WorkloadActual  13: 1048576 op, 945296259.00 ns, 901.5048 ns/op
WorkloadActual  14: 1048576 op, 941173878.00 ns, 897.5734 ns/op
WorkloadActual  15: 1048576 op, 940903345.00 ns, 897.3154 ns/op

// AfterActualRun
WorkloadResult   1: 1048576 op, 940771125.00 ns, 897.1893 ns/op
WorkloadResult   2: 1048576 op, 940422957.00 ns, 896.8572 ns/op
WorkloadResult   3: 1048576 op, 944060479.00 ns, 900.3262 ns/op
WorkloadResult   4: 1048576 op, 943948960.00 ns, 900.2199 ns/op
WorkloadResult   5: 1048576 op, 938635777.00 ns, 895.1528 ns/op
WorkloadResult   6: 1048576 op, 939087271.00 ns, 895.5834 ns/op
WorkloadResult   7: 1048576 op, 941752811.00 ns, 898.1255 ns/op
WorkloadResult   8: 1048576 op, 939519865.00 ns, 895.9960 ns/op
WorkloadResult   9: 1048576 op, 942787574.00 ns, 899.1123 ns/op
WorkloadResult  10: 1048576 op, 941300458.00 ns, 897.6941 ns/op
WorkloadResult  11: 1048576 op, 937237918.00 ns, 893.8197 ns/op
WorkloadResult  12: 1048576 op, 936523034.00 ns, 893.1380 ns/op
WorkloadResult  13: 1048576 op, 941470748.00 ns, 897.8565 ns/op
WorkloadResult  14: 1048576 op, 937348367.00 ns, 893.9251 ns/op
WorkloadResult  15: 1048576 op, 937077834.00 ns, 893.6671 ns/op
// GC:  39 0 0 931136224 1048576
// Threading:  0 0 1048576

// AfterAll
// Benchmark Process 4509 has exited with code 0.

Mean = 896.578 ns, StdErr = 0.609 ns (0.07%), N = 15, StdDev = 2.357 ns
Min = 893.138 ns, Q1 = 894.539 ns, Median = 896.857 ns, Q3 = 897.991 ns, Max = 900.326 ns
IQR = 3.452 ns, LowerFence = 889.361 ns, UpperFence = 903.169 ns
ConfidenceInterval = [894.058 ns; 899.097 ns] (CI 99.9%), Margin = 2.520 ns (0.28% of Mean)
Skewness = 0.08, Kurtosis = 1.62, MValue = 2

// ** Remained 6 (75.0 %) benchmark(s) to run. Estimated finish 2026-06-05 3:13 (0h 2m from now) **
// **************************
// Benchmark: UpdateTargetsBenchmark.Baseline_List: DefaultJob [NumberOfAgents=50]
// *** Execute ***
// Launch: 1 / 1
// Execute: dotnet 9134a51e-55ab-4608-9f12-205e9b4246c1.dll --anonymousPipes 111 112 --benchmarkName "DynamicCombat.Benchmarks.UpdateTargetsBenchmark.Baseline_List(NumberOfAgents: 50)" --job Default --benchmarkId 2 in /app/src/DynamicCombat.Benchmarks/bin/Release/net8.0/9134a51e-55ab-4608-9f12-205e9b4246c1/bin/Release/net8.0
// Failed to set up high priority (Permission denied). In order to run benchmarks with high priority, make sure you have the right permissions.
// BeforeAnythingElse

// Benchmark Process Environment Information:
// BenchmarkDotNet v0.13.12
// Runtime=.NET 8.0.24 (8.0.2426.7010), X64 RyuJIT AVX2
// GC=Concurrent Workstation
// HardwareIntrinsics=AVX2,AES,BMI1,BMI2,FMA,LZCNT,PCLMUL,POPCNT VectorSize=256
// Job: DefaultJob

OverheadJitting  1: 1 op, 364198.00 ns, 364.1980 us/op
WorkloadJitting  1: 1 op, 719223.00 ns, 719.2230 us/op

OverheadJitting  2: 16 op, 364219.00 ns, 22.7637 us/op
WorkloadJitting  2: 16 op, 557987.00 ns, 34.8742 us/op

WorkloadPilot    1: 16 op, 193102.00 ns, 12.0689 us/op
WorkloadPilot    2: 32 op, 423692.00 ns, 13.2404 us/op
WorkloadPilot    3: 64 op, 738294.00 ns, 11.5358 us/op
WorkloadPilot    4: 128 op, 1497333.00 ns, 11.6979 us/op
WorkloadPilot    5: 256 op, 2892304.00 ns, 11.2981 us/op
WorkloadPilot    6: 512 op, 5785012.00 ns, 11.2989 us/op
WorkloadPilot    7: 1024 op, 11457861.00 ns, 11.1893 us/op
WorkloadPilot    8: 2048 op, 22587230.00 ns, 11.0289 us/op
WorkloadPilot    9: 4096 op, 44786356.00 ns, 10.9342 us/op
WorkloadPilot   10: 8192 op, 81580744.00 ns, 9.9586 us/op
WorkloadPilot   11: 16384 op, 125570644.00 ns, 7.6642 us/op
WorkloadPilot   12: 32768 op, 235714556.00 ns, 7.1934 us/op
WorkloadPilot   13: 65536 op, 463541882.00 ns, 7.0731 us/op
WorkloadPilot   14: 131072 op, 923915065.00 ns, 7.0489 us/op

OverheadWarmup   1: 131072 op, 479418.00 ns, 3.6577 ns/op
OverheadWarmup   2: 131072 op, 527277.00 ns, 4.0228 ns/op
OverheadWarmup   3: 131072 op, 485227.00 ns, 3.7020 ns/op
OverheadWarmup   4: 131072 op, 510397.00 ns, 3.8940 ns/op
OverheadWarmup   5: 131072 op, 528901.00 ns, 4.0352 ns/op
OverheadWarmup   6: 131072 op, 484748.00 ns, 3.6983 ns/op

OverheadActual   1: 131072 op, 467431.00 ns, 3.5662 ns/op
OverheadActual   2: 131072 op, 477533.00 ns, 3.6433 ns/op
OverheadActual   3: 131072 op, 461835.00 ns, 3.5235 ns/op
OverheadActual   4: 131072 op, 494934.00 ns, 3.7760 ns/op
OverheadActual   5: 131072 op, 486926.00 ns, 3.7150 ns/op
OverheadActual   6: 131072 op, 508171.00 ns, 3.8770 ns/op
OverheadActual   7: 131072 op, 456810.00 ns, 3.4852 ns/op
OverheadActual   8: 131072 op, 469253.00 ns, 3.5801 ns/op
OverheadActual   9: 131072 op, 507899.00 ns, 3.8750 ns/op
OverheadActual  10: 131072 op, 512265.00 ns, 3.9083 ns/op
OverheadActual  11: 131072 op, 509032.00 ns, 3.8836 ns/op
OverheadActual  12: 131072 op, 467044.00 ns, 3.5633 ns/op
OverheadActual  13: 131072 op, 483030.00 ns, 3.6852 ns/op
OverheadActual  14: 131072 op, 499030.00 ns, 3.8073 ns/op
OverheadActual  15: 131072 op, 456877.00 ns, 3.4857 ns/op

WorkloadWarmup   1: 131072 op, 941724097.00 ns, 7.1848 us/op
WorkloadWarmup   2: 131072 op, 934943937.00 ns, 7.1331 us/op
WorkloadWarmup   3: 131072 op, 923133981.00 ns, 7.0430 us/op
WorkloadWarmup   4: 131072 op, 924592130.00 ns, 7.0541 us/op
WorkloadWarmup   5: 131072 op, 924029323.00 ns, 7.0498 us/op
WorkloadWarmup   6: 131072 op, 927962789.00 ns, 7.0798 us/op
WorkloadWarmup   7: 131072 op, 920039537.00 ns, 7.0193 us/op

// BeforeActualRun
WorkloadActual   1: 131072 op, 922666922.00 ns, 7.0394 us/op
WorkloadActual   2: 131072 op, 917483584.00 ns, 6.9998 us/op
WorkloadActual   3: 131072 op, 920248100.00 ns, 7.0209 us/op
WorkloadActual   4: 131072 op, 919598895.00 ns, 7.0160 us/op
WorkloadActual   5: 131072 op, 921926690.00 ns, 7.0337 us/op
WorkloadActual   6: 131072 op, 919886613.00 ns, 7.0182 us/op
WorkloadActual   7: 131072 op, 918921573.00 ns, 7.0108 us/op
WorkloadActual   8: 131072 op, 918728641.00 ns, 7.0093 us/op
WorkloadActual   9: 131072 op, 918829498.00 ns, 7.0101 us/op
WorkloadActual  10: 131072 op, 918185972.00 ns, 7.0052 us/op
WorkloadActual  11: 131072 op, 918588341.00 ns, 7.0083 us/op
WorkloadActual  12: 131072 op, 916774347.00 ns, 6.9944 us/op
WorkloadActual  13: 131072 op, 920052606.00 ns, 7.0194 us/op
WorkloadActual  14: 131072 op, 918628628.00 ns, 7.0086 us/op
WorkloadActual  15: 131072 op, 918492885.00 ns, 7.0075 us/op

// AfterActualRun
WorkloadResult   1: 131072 op, 917000554.00 ns, 6.9962 us/op
WorkloadResult   2: 131072 op, 919765070.00 ns, 7.0173 us/op
WorkloadResult   3: 131072 op, 919115865.00 ns, 7.0123 us/op
WorkloadResult   4: 131072 op, 921443660.00 ns, 7.0301 us/op
WorkloadResult   5: 131072 op, 919403583.00 ns, 7.0145 us/op
WorkloadResult   6: 131072 op, 918438543.00 ns, 7.0071 us/op
WorkloadResult   7: 131072 op, 918245611.00 ns, 7.0057 us/op
WorkloadResult   8: 131072 op, 918346468.00 ns, 7.0064 us/op
WorkloadResult   9: 131072 op, 917702942.00 ns, 7.0015 us/op
WorkloadResult  10: 131072 op, 918105311.00 ns, 7.0046 us/op
WorkloadResult  11: 131072 op, 916291317.00 ns, 6.9907 us/op
WorkloadResult  12: 131072 op, 919569576.00 ns, 7.0158 us/op
WorkloadResult  13: 131072 op, 918145598.00 ns, 7.0049 us/op
WorkloadResult  14: 131072 op, 918009855.00 ns, 7.0039 us/op
// GC:  7 0 0 167772896 131072
// Threading:  0 0 131072

// AfterAll
// Benchmark Process 4528 has exited with code 0.

Mean = 7.008 μs, StdErr = 0.003 μs (0.04%), N = 14, StdDev = 0.010 μs
Min = 6.991 μs, Q1 = 7.004 μs, Median = 7.006 μs, Q3 = 7.014 μs, Max = 7.030 μs
IQR = 0.010 μs, LowerFence = 6.989 μs, UpperFence = 7.029 μs
ConfidenceInterval = [6.997 μs; 7.019 μs] (CI 99.9%), Margin = 0.011 μs (0.16% of Mean)
Skewness = 0.43, Kurtosis = 2.94, MValue = 2

// ** Remained 5 (62.5 %) benchmark(s) to run. Estimated finish 2026-06-05 3:13 (0h 1m from now) **
// **************************
// Benchmark: UpdateTargetsBenchmark.Optimized_HashSet: DefaultJob [NumberOfAgents=50]
// *** Execute ***
// Launch: 1 / 1
// Execute: dotnet 9134a51e-55ab-4608-9f12-205e9b4246c1.dll --anonymousPipes 111 112 --benchmarkName "DynamicCombat.Benchmarks.UpdateTargetsBenchmark.Optimized_HashSet(NumberOfAgents: 50)" --job Default --benchmarkId 3 in /app/src/DynamicCombat.Benchmarks/bin/Release/net8.0/9134a51e-55ab-4608-9f12-205e9b4246c1/bin/Release/net8.0
// Failed to set up high priority (Permission denied). In order to run benchmarks with high priority, make sure you have the right permissions.
// BeforeAnythingElse

// Benchmark Process Environment Information:
// BenchmarkDotNet v0.13.12
// Runtime=.NET 8.0.24 (8.0.2426.7010), X64 RyuJIT AVX2
// GC=Concurrent Workstation
// HardwareIntrinsics=AVX2,AES,BMI1,BMI2,FMA,LZCNT,PCLMUL,POPCNT VectorSize=256
// Job: DefaultJob

OverheadJitting  1: 1 op, 430592.00 ns, 430.5920 us/op
WorkloadJitting  1: 1 op, 760129.00 ns, 760.1290 us/op

OverheadJitting  2: 16 op, 294790.00 ns, 18.4244 us/op
WorkloadJitting  2: 16 op, 510111.00 ns, 31.8819 us/op

WorkloadPilot    1: 16 op, 165286.00 ns, 10.3304 us/op
WorkloadPilot    2: 32 op, 319390.00 ns, 9.9809 us/op
WorkloadPilot    3: 64 op, 604466.00 ns, 9.4448 us/op
WorkloadPilot    4: 128 op, 1081427.00 ns, 8.4486 us/op
WorkloadPilot    5: 256 op, 2292745.00 ns, 8.9560 us/op
WorkloadPilot    6: 512 op, 4390450.00 ns, 8.5751 us/op
WorkloadPilot    7: 1024 op, 8664072.00 ns, 8.4610 us/op
WorkloadPilot    8: 2048 op, 17432416.00 ns, 8.5119 us/op
WorkloadPilot    9: 4096 op, 34458257.00 ns, 8.4127 us/op
WorkloadPilot   10: 8192 op, 56910142.00 ns, 6.9470 us/op
WorkloadPilot   11: 16384 op, 132748586.00 ns, 8.1023 us/op
WorkloadPilot   12: 32768 op, 137892451.00 ns, 4.2081 us/op
WorkloadPilot   13: 65536 op, 272745964.00 ns, 4.1618 us/op
WorkloadPilot   14: 131072 op, 549230399.00 ns, 4.1903 us/op

OverheadWarmup   1: 131072 op, 466257.00 ns, 3.5573 ns/op
OverheadWarmup   2: 131072 op, 490481.00 ns, 3.7421 ns/op
OverheadWarmup   3: 131072 op, 487167.00 ns, 3.7168 ns/op
OverheadWarmup   4: 131072 op, 474565.00 ns, 3.6206 ns/op
OverheadWarmup   5: 131072 op, 464134.00 ns, 3.5411 ns/op
OverheadWarmup   6: 131072 op, 489274.00 ns, 3.7329 ns/op
OverheadWarmup   7: 131072 op, 472166.00 ns, 3.6023 ns/op

OverheadActual   1: 131072 op, 497397.00 ns, 3.7948 ns/op
OverheadActual   2: 131072 op, 472715.00 ns, 3.6065 ns/op
OverheadActual   3: 131072 op, 529755.00 ns, 4.0417 ns/op
OverheadActual   4: 131072 op, 467970.00 ns, 3.5703 ns/op
OverheadActual   5: 131072 op, 464494.00 ns, 3.5438 ns/op
OverheadActual   6: 131072 op, 483937.00 ns, 3.6921 ns/op
OverheadActual   7: 131072 op, 485272.00 ns, 3.7023 ns/op
OverheadActual   8: 131072 op, 463217.00 ns, 3.5341 ns/op
OverheadActual   9: 131072 op, 493443.00 ns, 3.7647 ns/op
OverheadActual  10: 131072 op, 535986.00 ns, 4.0892 ns/op
OverheadActual  11: 131072 op, 466031.00 ns, 3.5555 ns/op
OverheadActual  12: 131072 op, 503389.00 ns, 3.8406 ns/op
OverheadActual  13: 131072 op, 463569.00 ns, 3.5368 ns/op
OverheadActual  14: 131072 op, 486721.00 ns, 3.7134 ns/op
OverheadActual  15: 131072 op, 495801.00 ns, 3.7827 ns/op
OverheadActual  16: 131072 op, 475602.00 ns, 3.6286 ns/op

WorkloadWarmup   1: 131072 op, 567314060.00 ns, 4.3283 us/op
WorkloadWarmup   2: 131072 op, 566940845.00 ns, 4.3254 us/op
WorkloadWarmup   3: 131072 op, 547421076.00 ns, 4.1765 us/op
WorkloadWarmup   4: 131072 op, 668393164.00 ns, 5.0994 us/op
WorkloadWarmup   5: 131072 op, 968561541.00 ns, 7.3895 us/op
WorkloadWarmup   6: 131072 op, 948779874.00 ns, 7.2386 us/op
WorkloadWarmup   7: 131072 op, 644895699.00 ns, 4.9202 us/op
WorkloadWarmup   8: 131072 op, 549731246.00 ns, 4.1941 us/op
WorkloadWarmup   9: 131072 op, 551900720.00 ns, 4.2107 us/op
WorkloadWarmup  10: 131072 op, 551900839.00 ns, 4.2107 us/op
WorkloadWarmup  11: 131072 op, 550313576.00 ns, 4.1986 us/op

// BeforeActualRun
WorkloadActual   1: 131072 op, 551801831.00 ns, 4.2099 us/op
WorkloadActual   2: 131072 op, 551977989.00 ns, 4.2113 us/op
WorkloadActual   3: 131072 op, 549557530.00 ns, 4.1928 us/op
WorkloadActual   4: 131072 op, 550401059.00 ns, 4.1992 us/op
WorkloadActual   5: 131072 op, 550701112.00 ns, 4.2015 us/op
WorkloadActual   6: 131072 op, 547154208.00 ns, 4.1745 us/op
WorkloadActual   7: 131072 op, 546642574.00 ns, 4.1706 us/op
WorkloadActual   8: 131072 op, 547803644.00 ns, 4.1794 us/op
WorkloadActual   9: 131072 op, 548251108.00 ns, 4.1828 us/op
WorkloadActual  10: 131072 op, 547972988.00 ns, 4.1807 us/op
WorkloadActual  11: 131072 op, 551289343.00 ns, 4.2060 us/op
WorkloadActual  12: 131072 op, 549852056.00 ns, 4.1950 us/op
WorkloadActual  13: 131072 op, 546391412.00 ns, 4.1686 us/op
WorkloadActual  14: 131072 op, 550576467.00 ns, 4.2006 us/op
WorkloadActual  15: 131072 op, 548100466.00 ns, 4.1817 us/op

// AfterActualRun
WorkloadResult   1: 131072 op, 551317226.50 ns, 4.2062 us/op
WorkloadResult   2: 131072 op, 551493384.50 ns, 4.2076 us/op
WorkloadResult   3: 131072 op, 549072925.50 ns, 4.1891 us/op
WorkloadResult   4: 131072 op, 549916454.50 ns, 4.1955 us/op
WorkloadResult   5: 131072 op, 550216507.50 ns, 4.1978 us/op
WorkloadResult   6: 131072 op, 546669603.50 ns, 4.1708 us/op
WorkloadResult   7: 131072 op, 546157969.50 ns, 4.1669 us/op
WorkloadResult   8: 131072 op, 547319039.50 ns, 4.1757 us/op
WorkloadResult   9: 131072 op, 547766503.50 ns, 4.1791 us/op
WorkloadResult  10: 131072 op, 547488383.50 ns, 4.1770 us/op
WorkloadResult  11: 131072 op, 550804738.50 ns, 4.2023 us/op
WorkloadResult  12: 131072 op, 549367451.50 ns, 4.1913 us/op
WorkloadResult  13: 131072 op, 545906807.50 ns, 4.1649 us/op
WorkloadResult  14: 131072 op, 550091862.50 ns, 4.1969 us/op
WorkloadResult  15: 131072 op, 547615861.50 ns, 4.1780 us/op
// GC:  22 0 0 525337312 131072
// Threading:  0 0 131072

// AfterAll
// Benchmark Process 4542 has exited with code 0.

Mean = 4.187 μs, StdErr = 0.004 μs (0.09%), N = 15, StdDev = 0.014 μs
Min = 4.165 μs, Q1 = 4.176 μs, Median = 4.189 μs, Q3 = 4.197 μs, Max = 4.208 μs
IQR = 0.021 μs, LowerFence = 4.145 μs, UpperFence = 4.229 μs
ConfidenceInterval = [4.171 μs; 4.202 μs] (CI 99.9%), Margin = 0.015 μs (0.37% of Mean)
Skewness = -0.03, Kurtosis = 1.44, MValue = 2

// ** Remained 4 (50.0 %) benchmark(s) to run. Estimated finish 2026-06-05 3:13 (0h 1m from now) **
// **************************
// Benchmark: UpdateTargetsBenchmark.Baseline_List: DefaultJob [NumberOfAgents=100]
// *** Execute ***
// Launch: 1 / 1
// Execute: dotnet 9134a51e-55ab-4608-9f12-205e9b4246c1.dll --anonymousPipes 111 112 --benchmarkName "DynamicCombat.Benchmarks.UpdateTargetsBenchmark.Baseline_List(NumberOfAgents: 100)" --job Default --benchmarkId 4 in /app/src/DynamicCombat.Benchmarks/bin/Release/net8.0/9134a51e-55ab-4608-9f12-205e9b4246c1/bin/Release/net8.0
// Failed to set up high priority (Permission denied). In order to run benchmarks with high priority, make sure you have the right permissions.
// BeforeAnythingElse

// Benchmark Process Environment Information:
// BenchmarkDotNet v0.13.12
// Runtime=.NET 8.0.24 (8.0.2426.7010), X64 RyuJIT AVX2
// GC=Concurrent Workstation
// HardwareIntrinsics=AVX2,AES,BMI1,BMI2,FMA,LZCNT,PCLMUL,POPCNT VectorSize=256
// Job: DefaultJob

OverheadJitting  1: 1 op, 417381.00 ns, 417.3810 us/op
WorkloadJitting  1: 1 op, 735181.00 ns, 735.1810 us/op

OverheadJitting  2: 16 op, 329573.00 ns, 20.5983 us/op
WorkloadJitting  2: 16 op, 951576.00 ns, 59.4735 us/op

WorkloadPilot    1: 16 op, 573522.00 ns, 35.8451 us/op
WorkloadPilot    2: 32 op, 1140815.00 ns, 35.6505 us/op
WorkloadPilot    3: 64 op, 2257007.00 ns, 35.2657 us/op
WorkloadPilot    4: 128 op, 4481740.00 ns, 35.0136 us/op
WorkloadPilot    5: 256 op, 9084826.00 ns, 35.4876 us/op
WorkloadPilot    6: 512 op, 18160377.00 ns, 35.4695 us/op
WorkloadPilot    7: 1024 op, 36118699.00 ns, 35.2722 us/op
WorkloadPilot    8: 2048 op, 75524657.00 ns, 36.8773 us/op
WorkloadPilot    9: 4096 op, 92062618.00 ns, 22.4762 us/op
WorkloadPilot   10: 8192 op, 182173554.00 ns, 22.2380 us/op
WorkloadPilot   11: 16384 op, 350805688.00 ns, 21.4115 us/op
WorkloadPilot   12: 32768 op, 690017160.00 ns, 21.0577 us/op

OverheadWarmup   1: 32768 op, 125421.00 ns, 3.8275 ns/op
OverheadWarmup   2: 32768 op, 118702.00 ns, 3.6225 ns/op
OverheadWarmup   3: 32768 op, 115933.00 ns, 3.5380 ns/op
OverheadWarmup   4: 32768 op, 114509.00 ns, 3.4945 ns/op
OverheadWarmup   5: 32768 op, 115752.00 ns, 3.5325 ns/op
OverheadWarmup   6: 32768 op, 118318.00 ns, 3.6108 ns/op
OverheadWarmup   7: 32768 op, 115536.00 ns, 3.5259 ns/op
OverheadWarmup   8: 32768 op, 118427.00 ns, 3.6141 ns/op
OverheadWarmup   9: 32768 op, 115721.00 ns, 3.5315 ns/op

OverheadActual   1: 32768 op, 116194.00 ns, 3.5460 ns/op
OverheadActual   2: 32768 op, 114989.00 ns, 3.5092 ns/op
OverheadActual   3: 32768 op, 118453.00 ns, 3.6149 ns/op
OverheadActual   4: 32768 op, 133673.00 ns, 4.0794 ns/op
OverheadActual   5: 32768 op, 118467.00 ns, 3.6153 ns/op
OverheadActual   6: 32768 op, 115308.00 ns, 3.5189 ns/op
OverheadActual   7: 32768 op, 118356.00 ns, 3.6119 ns/op
OverheadActual   8: 32768 op, 124004.00 ns, 3.7843 ns/op
OverheadActual   9: 32768 op, 118377.00 ns, 3.6126 ns/op
OverheadActual  10: 32768 op, 194483.00 ns, 5.9352 ns/op
OverheadActual  11: 32768 op, 125318.00 ns, 3.8244 ns/op
OverheadActual  12: 32768 op, 115649.00 ns, 3.5293 ns/op
OverheadActual  13: 32768 op, 185753.00 ns, 5.6687 ns/op
OverheadActual  14: 32768 op, 124832.00 ns, 3.8096 ns/op
OverheadActual  15: 32768 op, 142616.00 ns, 4.3523 ns/op
OverheadActual  16: 32768 op, 144410.00 ns, 4.4070 ns/op
OverheadActual  17: 32768 op, 117131.00 ns, 3.5746 ns/op
OverheadActual  18: 32768 op, 121181.00 ns, 3.6982 ns/op
OverheadActual  19: 32768 op, 117051.00 ns, 3.5721 ns/op
OverheadActual  20: 32768 op, 147315.00 ns, 4.4957 ns/op

WorkloadWarmup   1: 32768 op, 709696528.00 ns, 21.6582 us/op
WorkloadWarmup   2: 32768 op, 707318575.00 ns, 21.5856 us/op
WorkloadWarmup   3: 32768 op, 690834901.00 ns, 21.0826 us/op
WorkloadWarmup   4: 32768 op, 688380292.00 ns, 21.0077 us/op
WorkloadWarmup   5: 32768 op, 688626645.00 ns, 21.0152 us/op
WorkloadWarmup   6: 32768 op, 687618890.00 ns, 20.9845 us/op
WorkloadWarmup   7: 32768 op, 688280402.00 ns, 21.0047 us/op
WorkloadWarmup   8: 32768 op, 687236957.00 ns, 20.9728 us/op

// BeforeActualRun
WorkloadActual   1: 32768 op, 691940903.00 ns, 21.1164 us/op
WorkloadActual   2: 32768 op, 687143182.00 ns, 20.9699 us/op
WorkloadActual   3: 32768 op, 687654033.00 ns, 20.9855 us/op
WorkloadActual   4: 32768 op, 687584393.00 ns, 20.9834 us/op
WorkloadActual   5: 32768 op, 688954067.00 ns, 21.0252 us/op
WorkloadActual   6: 32768 op, 687407232.00 ns, 20.9780 us/op
WorkloadActual   7: 32768 op, 691385697.00 ns, 21.0994 us/op
WorkloadActual   8: 32768 op, 689752923.00 ns, 21.0496 us/op
WorkloadActual   9: 32768 op, 687992733.00 ns, 20.9959 us/op
WorkloadActual  10: 32768 op, 693076831.00 ns, 21.1510 us/op
WorkloadActual  11: 32768 op, 685415261.00 ns, 20.9172 us/op
WorkloadActual  12: 32768 op, 687211060.00 ns, 20.9720 us/op
WorkloadActual  13: 32768 op, 688135614.00 ns, 21.0002 us/op
WorkloadActual  14: 32768 op, 688392025.00 ns, 21.0081 us/op
WorkloadActual  15: 32768 op, 699966071.00 ns, 21.3613 us/op

// AfterActualRun
WorkloadResult   1: 32768 op, 691821079.00 ns, 21.1127 us/op
WorkloadResult   2: 32768 op, 687023358.00 ns, 20.9663 us/op
WorkloadResult   3: 32768 op, 687534209.00 ns, 20.9819 us/op
WorkloadResult   4: 32768 op, 687464569.00 ns, 20.9798 us/op
WorkloadResult   5: 32768 op, 688834243.00 ns, 21.0216 us/op
WorkloadResult   6: 32768 op, 687287408.00 ns, 20.9743 us/op
WorkloadResult   7: 32768 op, 691265873.00 ns, 21.0958 us/op
WorkloadResult   8: 32768 op, 689633099.00 ns, 21.0459 us/op
WorkloadResult   9: 32768 op, 687872909.00 ns, 20.9922 us/op
WorkloadResult  10: 32768 op, 692957007.00 ns, 21.1474 us/op
WorkloadResult  11: 32768 op, 685295437.00 ns, 20.9136 us/op
WorkloadResult  12: 32768 op, 687091236.00 ns, 20.9684 us/op
WorkloadResult  13: 32768 op, 688015790.00 ns, 20.9966 us/op
WorkloadResult  14: 32768 op, 688272201.00 ns, 21.0044 us/op
// GC:  3 0 0 81265376 32768
// Threading:  0 0 32768

// AfterAll
// Benchmark Process 4554 has exited with code 0.

Mean = 21.014 μs, StdErr = 0.017 μs (0.08%), N = 14, StdDev = 0.065 μs
Min = 20.914 μs, Q1 = 20.976 μs, Median = 20.994 μs, Q3 = 21.040 μs, Max = 21.147 μs
IQR = 0.064 μs, LowerFence = 20.879 μs, UpperFence = 21.136 μs
ConfidenceInterval = [20.941 μs; 21.087 μs] (CI 99.9%), Margin = 0.073 μs (0.35% of Mean)
Skewness = 0.66, Kurtosis = 2.33, MValue = 2

// ** Remained 3 (37.5 %) benchmark(s) to run. Estimated finish 2026-06-05 3:13 (0h 0m from now) **
// **************************
// Benchmark: UpdateTargetsBenchmark.Optimized_HashSet: DefaultJob [NumberOfAgents=100]
// *** Execute ***
// Launch: 1 / 1
// Execute: dotnet 9134a51e-55ab-4608-9f12-205e9b4246c1.dll --anonymousPipes 111 112 --benchmarkName "DynamicCombat.Benchmarks.UpdateTargetsBenchmark.Optimized_HashSet(NumberOfAgents: 100)" --job Default --benchmarkId 5 in /app/src/DynamicCombat.Benchmarks/bin/Release/net8.0/9134a51e-55ab-4608-9f12-205e9b4246c1/bin/Release/net8.0
// Failed to set up high priority (Permission denied). In order to run benchmarks with high priority, make sure you have the right permissions.
// BeforeAnythingElse

// Benchmark Process Environment Information:
// BenchmarkDotNet v0.13.12
// Runtime=.NET 8.0.24 (8.0.2426.7010), X64 RyuJIT AVX2
// GC=Concurrent Workstation
// HardwareIntrinsics=AVX2,AES,BMI1,BMI2,FMA,LZCNT,PCLMUL,POPCNT VectorSize=256
// Job: DefaultJob

OverheadJitting  1: 1 op, 400145.00 ns, 400.1450 us/op
WorkloadJitting  1: 1 op, 754890.00 ns, 754.8900 us/op

OverheadJitting  2: 16 op, 343020.00 ns, 21.4387 us/op
WorkloadJitting  2: 16 op, 678182.00 ns, 42.3864 us/op

WorkloadPilot    1: 16 op, 285408.00 ns, 17.8380 us/op
WorkloadPilot    2: 32 op, 541252.00 ns, 16.9141 us/op
WorkloadPilot    3: 64 op, 1010191.00 ns, 15.7842 us/op
WorkloadPilot    4: 128 op, 2222538.00 ns, 17.3636 us/op
WorkloadPilot    5: 256 op, 4180276.00 ns, 16.3292 us/op
WorkloadPilot    6: 512 op, 8368706.00 ns, 16.3451 us/op
WorkloadPilot    7: 1024 op, 16357715.00 ns, 15.9743 us/op
WorkloadPilot    8: 2048 op, 32837482.00 ns, 16.0339 us/op
WorkloadPilot    9: 4096 op, 56354132.00 ns, 13.7583 us/op
WorkloadPilot   10: 8192 op, 131803526.00 ns, 16.0893 us/op
WorkloadPilot   11: 16384 op, 139578871.00 ns, 8.5192 us/op
WorkloadPilot   12: 32768 op, 279803338.00 ns, 8.5389 us/op
WorkloadPilot   13: 65536 op, 554241358.00 ns, 8.4571 us/op

OverheadWarmup   1: 65536 op, 230422.00 ns, 3.5160 ns/op
OverheadWarmup   2: 65536 op, 240831.00 ns, 3.6748 ns/op
OverheadWarmup   3: 65536 op, 229269.00 ns, 3.4984 ns/op
OverheadWarmup   4: 65536 op, 265099.00 ns, 4.0451 ns/op
OverheadWarmup   5: 65536 op, 229156.00 ns, 3.4966 ns/op

OverheadActual   1: 65536 op, 229230.00 ns, 3.4978 ns/op
OverheadActual   2: 65536 op, 267951.00 ns, 4.0886 ns/op
OverheadActual   3: 65536 op, 239594.00 ns, 3.6559 ns/op
OverheadActual   4: 65536 op, 259175.00 ns, 3.9547 ns/op
OverheadActual   5: 65536 op, 239210.00 ns, 3.6501 ns/op
OverheadActual   6: 65536 op, 261699.00 ns, 3.9932 ns/op
OverheadActual   7: 65536 op, 236637.00 ns, 3.6108 ns/op
OverheadActual   8: 65536 op, 229189.00 ns, 3.4971 ns/op
OverheadActual   9: 65536 op, 229254.00 ns, 3.4981 ns/op
OverheadActual  10: 65536 op, 229109.00 ns, 3.4959 ns/op
OverheadActual  11: 65536 op, 260448.00 ns, 3.9741 ns/op
OverheadActual  12: 65536 op, 236603.00 ns, 3.6103 ns/op
OverheadActual  13: 65536 op, 261110.00 ns, 3.9842 ns/op
OverheadActual  14: 65536 op, 237068.00 ns, 3.6174 ns/op
OverheadActual  15: 65536 op, 255441.00 ns, 3.8977 ns/op
OverheadActual  16: 65536 op, 229258.00 ns, 3.4982 ns/op
OverheadActual  17: 65536 op, 239319.00 ns, 3.6517 ns/op
OverheadActual  18: 65536 op, 229158.00 ns, 3.4967 ns/op
OverheadActual  19: 65536 op, 239296.00 ns, 3.6514 ns/op
OverheadActual  20: 65536 op, 256955.00 ns, 3.9208 ns/op

WorkloadWarmup   1: 65536 op, 573005581.00 ns, 8.7434 us/op
WorkloadWarmup   2: 65536 op, 570230093.00 ns, 8.7010 us/op
WorkloadWarmup   3: 65536 op, 553453053.00 ns, 8.4450 us/op
WorkloadWarmup   4: 65536 op, 550316605.00 ns, 8.3972 us/op
WorkloadWarmup   5: 65536 op, 553523843.00 ns, 8.4461 us/op
WorkloadWarmup   6: 65536 op, 548015680.00 ns, 8.3621 us/op
WorkloadWarmup   7: 65536 op, 545412301.00 ns, 8.3223 us/op
WorkloadWarmup   8: 65536 op, 549055908.00 ns, 8.3779 us/op
WorkloadWarmup   9: 65536 op, 546983665.00 ns, 8.3463 us/op

// BeforeActualRun
WorkloadActual   1: 65536 op, 556202476.00 ns, 8.4870 us/op
WorkloadActual   2: 65536 op, 552524032.00 ns, 8.4308 us/op
WorkloadActual   3: 65536 op, 549815208.00 ns, 8.3895 us/op
WorkloadActual   4: 65536 op, 553164638.00 ns, 8.4406 us/op
WorkloadActual   5: 65536 op, 547540662.00 ns, 8.3548 us/op
WorkloadActual   6: 65536 op, 548476439.00 ns, 8.3691 us/op
WorkloadActual   7: 65536 op, 552556468.00 ns, 8.4313 us/op
WorkloadActual   8: 65536 op, 551437498.00 ns, 8.4143 us/op
WorkloadActual   9: 65536 op, 550763506.00 ns, 8.4040 us/op
WorkloadActual  10: 65536 op, 545320771.00 ns, 8.3209 us/op
WorkloadActual  11: 65536 op, 548058275.00 ns, 8.3627 us/op
WorkloadActual  12: 65536 op, 551130442.00 ns, 8.4096 us/op
WorkloadActual  13: 65536 op, 554809702.00 ns, 8.4657 us/op
WorkloadActual  14: 65536 op, 554148695.00 ns, 8.4556 us/op
WorkloadActual  15: 65536 op, 550609018.00 ns, 8.4016 us/op

// AfterActualRun
WorkloadResult   1: 65536 op, 555963223.00 ns, 8.4833 us/op
WorkloadResult   2: 65536 op, 552284779.00 ns, 8.4272 us/op
WorkloadResult   3: 65536 op, 549575955.00 ns, 8.3859 us/op
WorkloadResult   4: 65536 op, 552925385.00 ns, 8.4370 us/op
WorkloadResult   5: 65536 op, 547301409.00 ns, 8.3512 us/op
WorkloadResult   6: 65536 op, 548237186.00 ns, 8.3654 us/op
WorkloadResult   7: 65536 op, 552317215.00 ns, 8.4277 us/op
WorkloadResult   8: 65536 op, 551198245.00 ns, 8.4106 us/op
WorkloadResult   9: 65536 op, 550524253.00 ns, 8.4003 us/op
WorkloadResult  10: 65536 op, 545081518.00 ns, 8.3173 us/op
WorkloadResult  11: 65536 op, 547819022.00 ns, 8.3591 us/op
WorkloadResult  12: 65536 op, 550891189.00 ns, 8.4059 us/op
WorkloadResult  13: 65536 op, 554570449.00 ns, 8.4621 us/op
WorkloadResult  14: 65536 op, 553909442.00 ns, 8.4520 us/op
WorkloadResult  15: 65536 op, 550369765.00 ns, 8.3980 us/op
// GC:  19 0 0 467141344 65536
// Threading:  0 0 65536

// AfterAll
// Benchmark Process 4565 has exited with code 0.

Mean = 8.406 μs, StdErr = 0.012 μs (0.14%), N = 15, StdDev = 0.045 μs
Min = 8.317 μs, Q1 = 8.376 μs, Median = 8.406 μs, Q3 = 8.432 μs, Max = 8.483 μs
IQR = 0.057 μs, LowerFence = 8.291 μs, UpperFence = 8.517 μs
ConfidenceInterval = [8.357 μs; 8.454 μs] (CI 99.9%), Margin = 0.048 μs (0.57% of Mean)
Skewness = -0.16, Kurtosis = 2.11, MValue = 2

// ** Remained 2 (25.0 %) benchmark(s) to run. Estimated finish 2026-06-05 3:13 (0h 0m from now) **
// **************************
// Benchmark: UpdateTargetsBenchmark.Baseline_List: DefaultJob [NumberOfAgents=500]
// *** Execute ***
// Launch: 1 / 1
// Execute: dotnet 9134a51e-55ab-4608-9f12-205e9b4246c1.dll --anonymousPipes 111 112 --benchmarkName "DynamicCombat.Benchmarks.UpdateTargetsBenchmark.Baseline_List(NumberOfAgents: 500)" --job Default --benchmarkId 6 in /app/src/DynamicCombat.Benchmarks/bin/Release/net8.0/9134a51e-55ab-4608-9f12-205e9b4246c1/bin/Release/net8.0
// Failed to set up high priority (Permission denied). In order to run benchmarks with high priority, make sure you have the right permissions.
// BeforeAnythingElse

// Benchmark Process Environment Information:
// BenchmarkDotNet v0.13.12
// Runtime=.NET 8.0.24 (8.0.2426.7010), X64 RyuJIT AVX2
// GC=Concurrent Workstation
// HardwareIntrinsics=AVX2,AES,BMI1,BMI2,FMA,LZCNT,PCLMUL,POPCNT VectorSize=256
// Job: DefaultJob

OverheadJitting  1: 1 op, 411854.00 ns, 411.8540 us/op
WorkloadJitting  1: 1 op, 1379442.00 ns, 1.3794 ms/op

OverheadJitting  2: 16 op, 294755.00 ns, 18.4222 us/op
WorkloadJitting  2: 16 op, 12271680.00 ns, 766.9800 us/op

WorkloadPilot    1: 16 op, 11606935.00 ns, 725.4334 us/op
WorkloadPilot    2: 32 op, 23750987.00 ns, 742.2183 us/op
WorkloadPilot    3: 64 op, 47488796.00 ns, 742.0124 us/op
WorkloadPilot    4: 128 op, 88256295.00 ns, 689.5023 us/op
WorkloadPilot    5: 256 op, 137678439.00 ns, 537.8064 us/op
WorkloadPilot    6: 512 op, 274800270.00 ns, 536.7193 us/op
WorkloadPilot    7: 1024 op, 550943158.00 ns, 538.0304 us/op

OverheadWarmup   1: 1024 op, 7429.00 ns, 7.2549 ns/op
OverheadWarmup   2: 1024 op, 4453.00 ns, 4.3486 ns/op
OverheadWarmup   3: 1024 op, 4295.00 ns, 4.1943 ns/op
OverheadWarmup   4: 1024 op, 4388.00 ns, 4.2852 ns/op
OverheadWarmup   5: 1024 op, 11693.00 ns, 11.4189 ns/op
OverheadWarmup   6: 1024 op, 4261.00 ns, 4.1611 ns/op
OverheadWarmup   7: 1024 op, 4263.00 ns, 4.1631 ns/op
OverheadWarmup   8: 1024 op, 4301.00 ns, 4.2002 ns/op
OverheadWarmup   9: 1024 op, 4283.00 ns, 4.1826 ns/op

OverheadActual   1: 1024 op, 4284.00 ns, 4.1836 ns/op
OverheadActual   2: 1024 op, 4344.00 ns, 4.2422 ns/op
OverheadActual   3: 1024 op, 4421.00 ns, 4.3174 ns/op
OverheadActual   4: 1024 op, 4367.00 ns, 4.2646 ns/op
OverheadActual   5: 1024 op, 4255.00 ns, 4.1553 ns/op
OverheadActual   6: 1024 op, 4306.00 ns, 4.2051 ns/op
OverheadActual   7: 1024 op, 4171.00 ns, 4.0732 ns/op
OverheadActual   8: 1024 op, 4283.00 ns, 4.1826 ns/op
OverheadActual   9: 1024 op, 4225.00 ns, 4.1260 ns/op
OverheadActual  10: 1024 op, 4254.00 ns, 4.1543 ns/op
OverheadActual  11: 1024 op, 4326.00 ns, 4.2246 ns/op
OverheadActual  12: 1024 op, 4283.00 ns, 4.1826 ns/op
OverheadActual  13: 1024 op, 4253.00 ns, 4.1533 ns/op
OverheadActual  14: 1024 op, 4376.00 ns, 4.2734 ns/op
OverheadActual  15: 1024 op, 4254.00 ns, 4.1543 ns/op

WorkloadWarmup   1: 1024 op, 554145930.00 ns, 541.1581 us/op
WorkloadWarmup   2: 1024 op, 549212631.00 ns, 536.3405 us/op
WorkloadWarmup   3: 1024 op, 541918266.00 ns, 529.2171 us/op
WorkloadWarmup   4: 1024 op, 542204144.00 ns, 529.4962 us/op
WorkloadWarmup   5: 1024 op, 541528808.00 ns, 528.8367 us/op
WorkloadWarmup   6: 1024 op, 541916270.00 ns, 529.2151 us/op
WorkloadWarmup   7: 1024 op, 542046809.00 ns, 529.3426 us/op
WorkloadWarmup   8: 1024 op, 541561500.00 ns, 528.8687 us/op

// BeforeActualRun
WorkloadActual   1: 1024 op, 547648871.00 ns, 534.8134 us/op
WorkloadActual   2: 1024 op, 542903230.00 ns, 530.1789 us/op
WorkloadActual   3: 1024 op, 543794382.00 ns, 531.0492 us/op
WorkloadActual   4: 1024 op, 542497454.00 ns, 529.7827 us/op
WorkloadActual   5: 1024 op, 543704308.00 ns, 530.9612 us/op
WorkloadActual   6: 1024 op, 540646715.00 ns, 527.9753 us/op
WorkloadActual   7: 1024 op, 540998393.00 ns, 528.3187 us/op
WorkloadActual   8: 1024 op, 541632258.00 ns, 528.9378 us/op
WorkloadActual   9: 1024 op, 542347782.00 ns, 529.6365 us/op
WorkloadActual  10: 1024 op, 542485026.00 ns, 529.7705 us/op
WorkloadActual  11: 1024 op, 541409631.00 ns, 528.7203 us/op
WorkloadActual  12: 1024 op, 542383784.00 ns, 529.6717 us/op
WorkloadActual  13: 1024 op, 541222005.00 ns, 528.5371 us/op
WorkloadActual  14: 1024 op, 541254485.00 ns, 528.5688 us/op
WorkloadActual  15: 1024 op, 540126977.00 ns, 527.4678 us/op

// AfterActualRun
WorkloadResult   1: 1024 op, 542898947.00 ns, 530.1748 us/op
WorkloadResult   2: 1024 op, 543790099.00 ns, 531.0450 us/op
WorkloadResult   3: 1024 op, 542493171.00 ns, 529.7785 us/op
WorkloadResult   4: 1024 op, 543700025.00 ns, 530.9571 us/op
WorkloadResult   5: 1024 op, 540642432.00 ns, 527.9711 us/op
WorkloadResult   6: 1024 op, 540994110.00 ns, 528.3146 us/op
WorkloadResult   7: 1024 op, 541627975.00 ns, 528.9336 us/op
WorkloadResult   8: 1024 op, 542343499.00 ns, 529.6323 us/op
WorkloadResult   9: 1024 op, 542480743.00 ns, 529.7664 us/op
WorkloadResult  10: 1024 op, 541405348.00 ns, 528.7162 us/op
WorkloadResult  11: 1024 op, 542379501.00 ns, 529.6675 us/op
WorkloadResult  12: 1024 op, 541217722.00 ns, 528.5329 us/op
WorkloadResult  13: 1024 op, 541250202.00 ns, 528.5647 us/op
WorkloadResult  14: 1024 op, 540122694.00 ns, 527.4636 us/op
// GC:  0 0 0 12370656 1024
// Threading:  0 0 1024

// AfterAll
// Benchmark Process 4579 has exited with code 0.

Mean = 529.251 μs, StdErr = 0.286 μs (0.05%), N = 14, StdDev = 1.072 μs
Min = 527.464 μs, Q1 = 528.541 μs, Median = 529.283 μs, Q3 = 529.775 μs, Max = 531.045 μs
IQR = 1.235 μs, LowerFence = 526.689 μs, UpperFence = 531.627 μs
ConfidenceInterval = [528.042 μs; 530.460 μs] (CI 99.9%), Margin = 1.209 μs (0.23% of Mean)
Skewness = 0.14, Kurtosis = 1.84, MValue = 2

// ** Remained 1 (12.5 %) benchmark(s) to run. Estimated finish 2026-06-05 3:12 (0h 0m from now) **
// **************************
// Benchmark: UpdateTargetsBenchmark.Optimized_HashSet: DefaultJob [NumberOfAgents=500]
// *** Execute ***
// Launch: 1 / 1
// Execute: dotnet 9134a51e-55ab-4608-9f12-205e9b4246c1.dll --anonymousPipes 111 112 --benchmarkName "DynamicCombat.Benchmarks.UpdateTargetsBenchmark.Optimized_HashSet(NumberOfAgents: 500)" --job Default --benchmarkId 7 in /app/src/DynamicCombat.Benchmarks/bin/Release/net8.0/9134a51e-55ab-4608-9f12-205e9b4246c1/bin/Release/net8.0
// Failed to set up high priority (Permission denied). In order to run benchmarks with high priority, make sure you have the right permissions.
// BeforeAnythingElse

// Benchmark Process Environment Information:
// BenchmarkDotNet v0.13.12
// Runtime=.NET 8.0.24 (8.0.2426.7010), X64 RyuJIT AVX2
// GC=Concurrent Workstation
// HardwareIntrinsics=AVX2,AES,BMI1,BMI2,FMA,LZCNT,PCLMUL,POPCNT VectorSize=256
// Job: DefaultJob

OverheadJitting  1: 1 op, 484140.00 ns, 484.1400 us/op
WorkloadJitting  1: 1 op, 985395.00 ns, 985.3950 us/op

OverheadJitting  2: 16 op, 297336.00 ns, 18.5835 us/op
WorkloadJitting  2: 16 op, 1738159.00 ns, 108.6349 us/op

WorkloadPilot    1: 16 op, 1184662.00 ns, 74.0414 us/op
WorkloadPilot    2: 32 op, 2409552.00 ns, 75.2985 us/op
WorkloadPilot    3: 64 op, 5186013.00 ns, 81.0315 us/op
WorkloadPilot    4: 128 op, 10165666.00 ns, 79.4193 us/op
WorkloadPilot    5: 256 op, 20298803.00 ns, 79.2922 us/op
WorkloadPilot    6: 512 op, 40274510.00 ns, 78.6612 us/op
WorkloadPilot    7: 1024 op, 80075162.00 ns, 78.1984 us/op
WorkloadPilot    8: 2048 op, 135358104.00 ns, 66.0928 us/op
WorkloadPilot    9: 4096 op, 185136154.00 ns, 45.1993 us/op
WorkloadPilot   10: 8192 op, 369630257.00 ns, 45.1209 us/op
WorkloadPilot   11: 16384 op, 740442880.00 ns, 45.1930 us/op

OverheadWarmup   1: 16384 op, 69265.00 ns, 4.2276 ns/op
OverheadWarmup   2: 16384 op, 57785.00 ns, 3.5269 ns/op
OverheadWarmup   3: 16384 op, 57794.00 ns, 3.5275 ns/op
OverheadWarmup   4: 16384 op, 57682.00 ns, 3.5206 ns/op
OverheadWarmup   5: 16384 op, 67509.00 ns, 4.1204 ns/op
OverheadWarmup   6: 16384 op, 57523.00 ns, 3.5109 ns/op

OverheadActual   1: 16384 op, 57729.00 ns, 3.5235 ns/op
OverheadActual   2: 16384 op, 87337.00 ns, 5.3306 ns/op
OverheadActual   3: 16384 op, 58668.00 ns, 3.5808 ns/op
OverheadActual   4: 16384 op, 104590.00 ns, 6.3837 ns/op
OverheadActual   5: 16384 op, 57653.00 ns, 3.5189 ns/op
OverheadActual   6: 16384 op, 57623.00 ns, 3.5170 ns/op
OverheadActual   7: 16384 op, 58526.00 ns, 3.5721 ns/op
OverheadActual   8: 16384 op, 57701.00 ns, 3.5218 ns/op
OverheadActual   9: 16384 op, 57741.00 ns, 3.5242 ns/op
OverheadActual  10: 16384 op, 57611.00 ns, 3.5163 ns/op
OverheadActual  11: 16384 op, 92481.00 ns, 5.6446 ns/op
OverheadActual  12: 16384 op, 57613.00 ns, 3.5164 ns/op
OverheadActual  13: 16384 op, 57613.00 ns, 3.5164 ns/op
OverheadActual  14: 16384 op, 109060.00 ns, 6.6565 ns/op
OverheadActual  15: 16384 op, 58395.00 ns, 3.5641 ns/op
OverheadActual  16: 16384 op, 66205.00 ns, 4.0408 ns/op
OverheadActual  17: 16384 op, 57826.00 ns, 3.5294 ns/op

WorkloadWarmup   1: 16384 op, 758590688.00 ns, 46.3007 us/op
WorkloadWarmup   2: 16384 op, 754447005.00 ns, 46.0478 us/op
WorkloadWarmup   3: 16384 op, 745649280.00 ns, 45.5108 us/op
WorkloadWarmup   4: 16384 op, 745966608.00 ns, 45.5302 us/op
WorkloadWarmup   5: 16384 op, 747014105.00 ns, 45.5941 us/op
WorkloadWarmup   6: 16384 op, 740160775.00 ns, 45.1758 us/op
WorkloadWarmup   7: 16384 op, 739304616.00 ns, 45.1236 us/op
WorkloadWarmup   8: 16384 op, 742835730.00 ns, 45.3391 us/op
WorkloadWarmup   9: 16384 op, 747350473.00 ns, 45.6147 us/op
WorkloadWarmup  10: 16384 op, 746804995.00 ns, 45.5814 us/op

// BeforeActualRun
WorkloadActual   1: 16384 op, 745743498.00 ns, 45.5166 us/op
WorkloadActual   2: 16384 op, 746301307.00 ns, 45.5506 us/op
WorkloadActual   3: 16384 op, 744529832.00 ns, 45.4425 us/op
WorkloadActual   4: 16384 op, 744116653.00 ns, 45.4173 us/op
WorkloadActual   5: 16384 op, 743312248.00 ns, 45.3682 us/op
WorkloadActual   6: 16384 op, 743712676.00 ns, 45.3926 us/op
WorkloadActual   7: 16384 op, 742232029.00 ns, 45.3022 us/op
WorkloadActual   8: 16384 op, 752262099.00 ns, 45.9144 us/op
WorkloadActual   9: 16384 op, 742373991.00 ns, 45.3109 us/op
WorkloadActual  10: 16384 op, 741365161.00 ns, 45.2493 us/op
WorkloadActual  11: 16384 op, 740375583.00 ns, 45.1889 us/op
WorkloadActual  12: 16384 op, 743485922.00 ns, 45.3788 us/op
WorkloadActual  13: 16384 op, 742674658.00 ns, 45.3293 us/op
WorkloadActual  14: 16384 op, 740781372.00 ns, 45.2137 us/op
WorkloadActual  15: 16384 op, 743082311.00 ns, 45.3541 us/op

// AfterActualRun
WorkloadResult   1: 16384 op, 745685672.00 ns, 45.5130 us/op
WorkloadResult   2: 16384 op, 746243481.00 ns, 45.5471 us/op
WorkloadResult   3: 16384 op, 744472006.00 ns, 45.4390 us/op
WorkloadResult   4: 16384 op, 744058827.00 ns, 45.4137 us/op
WorkloadResult   5: 16384 op, 743254422.00 ns, 45.3646 us/op
WorkloadResult   6: 16384 op, 743654850.00 ns, 45.3891 us/op
WorkloadResult   7: 16384 op, 742174203.00 ns, 45.2987 us/op
WorkloadResult   8: 16384 op, 742316165.00 ns, 45.3074 us/op
WorkloadResult   9: 16384 op, 741307335.00 ns, 45.2458 us/op
WorkloadResult  10: 16384 op, 740317757.00 ns, 45.1854 us/op
WorkloadResult  11: 16384 op, 743428096.00 ns, 45.3753 us/op
WorkloadResult  12: 16384 op, 742616832.00 ns, 45.3257 us/op
WorkloadResult  13: 16384 op, 740723546.00 ns, 45.2102 us/op
WorkloadResult  14: 16384 op, 743024485.00 ns, 45.3506 us/op
// GC:  22 2 0 535560928 16384
// Threading:  0 0 16384

// AfterAll
// Benchmark Process 4589 has exited with code 0.

Mean = 45.355 μs, StdErr = 0.028 μs (0.06%), N = 14, StdDev = 0.105 μs
Min = 45.185 μs, Q1 = 45.301 μs, Median = 45.358 μs, Q3 = 45.408 μs, Max = 45.547 μs
IQR = 0.107 μs, LowerFence = 45.141 μs, UpperFence = 45.568 μs
ConfidenceInterval = [45.237 μs; 45.473 μs] (CI 99.9%), Margin = 0.118 μs (0.26% of Mean)
Skewness = 0.16, Kurtosis = 2.08, MValue = 2

// ** Remained 0 (0.0 %) benchmark(s) to run. Estimated finish 2026-06-05 3:13 (0h 0m from now) **
// ***** BenchmarkRunner: Finish  *****

// * Export *
  BenchmarkDotNet.Artifacts/results/DynamicCombat.Benchmarks.UpdateTargetsBenchmark-report.csv
  BenchmarkDotNet.Artifacts/results/DynamicCombat.Benchmarks.UpdateTargetsBenchmark-report-github.md
  BenchmarkDotNet.Artifacts/results/DynamicCombat.Benchmarks.UpdateTargetsBenchmark-report.html

// * Detailed results *
UpdateTargetsBenchmark.Baseline_List: DefaultJob [NumberOfAgents=10]
Runtime = .NET 8.0.24 (8.0.2426.7010), X64 RyuJIT AVX2; GC = Concurrent Workstation
Mean = 514.466 ns, StdErr = 0.367 ns (0.07%), N = 15, StdDev = 1.421 ns
Min = 512.620 ns, Q1 = 513.405 ns, Median = 514.424 ns, Q3 = 515.334 ns, Max = 517.884 ns
IQR = 1.928 ns, LowerFence = 510.513 ns, UpperFence = 518.226 ns
ConfidenceInterval = [512.947 ns; 515.986 ns] (CI 99.9%), Margin = 1.519 ns (0.30% of Mean)
Skewness = 0.64, Kurtosis = 2.83, MValue = 2
-------------------- Histogram --------------------
[511.864 ns ; 518.640 ns) | @@@@@@@@@@@@@@@
---------------------------------------------------

UpdateTargetsBenchmark.Optimized_HashSet: DefaultJob [NumberOfAgents=10]
Runtime = .NET 8.0.24 (8.0.2426.7010), X64 RyuJIT AVX2; GC = Concurrent Workstation
Mean = 896.578 ns, StdErr = 0.609 ns (0.07%), N = 15, StdDev = 2.357 ns
Min = 893.138 ns, Q1 = 894.539 ns, Median = 896.857 ns, Q3 = 897.991 ns, Max = 900.326 ns
IQR = 3.452 ns, LowerFence = 889.361 ns, UpperFence = 903.169 ns
ConfidenceInterval = [894.058 ns; 899.097 ns] (CI 99.9%), Margin = 2.520 ns (0.28% of Mean)
Skewness = 0.08, Kurtosis = 1.62, MValue = 2
-------------------- Histogram --------------------
[891.884 ns ; 901.581 ns) | @@@@@@@@@@@@@@@
---------------------------------------------------

UpdateTargetsBenchmark.Baseline_List: DefaultJob [NumberOfAgents=50]
Runtime = .NET 8.0.24 (8.0.2426.7010), X64 RyuJIT AVX2; GC = Concurrent Workstation
Mean = 7.008 μs, StdErr = 0.003 μs (0.04%), N = 14, StdDev = 0.010 μs
Min = 6.991 μs, Q1 = 7.004 μs, Median = 7.006 μs, Q3 = 7.014 μs, Max = 7.030 μs
IQR = 0.010 μs, LowerFence = 6.989 μs, UpperFence = 7.029 μs
ConfidenceInterval = [6.997 μs; 7.019 μs] (CI 99.9%), Margin = 0.011 μs (0.16% of Mean)
Skewness = 0.43, Kurtosis = 2.94, MValue = 2
-------------------- Histogram --------------------
[6.985 μs ; 7.035 μs) | @@@@@@@@@@@@@@
---------------------------------------------------

UpdateTargetsBenchmark.Optimized_HashSet: DefaultJob [NumberOfAgents=50]
Runtime = .NET 8.0.24 (8.0.2426.7010), X64 RyuJIT AVX2; GC = Concurrent Workstation
Mean = 4.187 μs, StdErr = 0.004 μs (0.09%), N = 15, StdDev = 0.014 μs
Min = 4.165 μs, Q1 = 4.176 μs, Median = 4.189 μs, Q3 = 4.197 μs, Max = 4.208 μs
IQR = 0.021 μs, LowerFence = 4.145 μs, UpperFence = 4.229 μs
ConfidenceInterval = [4.171 μs; 4.202 μs] (CI 99.9%), Margin = 0.015 μs (0.37% of Mean)
Skewness = -0.03, Kurtosis = 1.44, MValue = 2
-------------------- Histogram --------------------
[4.157 μs ; 4.215 μs) | @@@@@@@@@@@@@@@
---------------------------------------------------

UpdateTargetsBenchmark.Baseline_List: DefaultJob [NumberOfAgents=100]
Runtime = .NET 8.0.24 (8.0.2426.7010), X64 RyuJIT AVX2; GC = Concurrent Workstation
Mean = 21.014 μs, StdErr = 0.017 μs (0.08%), N = 14, StdDev = 0.065 μs
Min = 20.914 μs, Q1 = 20.976 μs, Median = 20.994 μs, Q3 = 21.040 μs, Max = 21.147 μs
IQR = 0.064 μs, LowerFence = 20.879 μs, UpperFence = 21.136 μs
ConfidenceInterval = [20.941 μs; 21.087 μs] (CI 99.9%), Margin = 0.073 μs (0.35% of Mean)
Skewness = 0.66, Kurtosis = 2.33, MValue = 2
-------------------- Histogram --------------------
[20.878 μs ; 21.183 μs) | @@@@@@@@@@@@@@
---------------------------------------------------

UpdateTargetsBenchmark.Optimized_HashSet: DefaultJob [NumberOfAgents=100]
Runtime = .NET 8.0.24 (8.0.2426.7010), X64 RyuJIT AVX2; GC = Concurrent Workstation
Mean = 8.406 μs, StdErr = 0.012 μs (0.14%), N = 15, StdDev = 0.045 μs
Min = 8.317 μs, Q1 = 8.376 μs, Median = 8.406 μs, Q3 = 8.432 μs, Max = 8.483 μs
IQR = 0.057 μs, LowerFence = 8.291 μs, UpperFence = 8.517 μs
ConfidenceInterval = [8.357 μs; 8.454 μs] (CI 99.9%), Margin = 0.048 μs (0.57% of Mean)
Skewness = -0.16, Kurtosis = 2.11, MValue = 2
-------------------- Histogram --------------------
[8.293 μs ; 8.502 μs) | @@@@@@@@@@@@@@@
---------------------------------------------------

UpdateTargetsBenchmark.Baseline_List: DefaultJob [NumberOfAgents=500]
Runtime = .NET 8.0.24 (8.0.2426.7010), X64 RyuJIT AVX2; GC = Concurrent Workstation
Mean = 529.251 μs, StdErr = 0.286 μs (0.05%), N = 14, StdDev = 1.072 μs
Min = 527.464 μs, Q1 = 528.541 μs, Median = 529.283 μs, Q3 = 529.775 μs, Max = 531.045 μs
IQR = 1.235 μs, LowerFence = 526.689 μs, UpperFence = 531.627 μs
ConfidenceInterval = [528.042 μs; 530.460 μs] (CI 99.9%), Margin = 1.209 μs (0.23% of Mean)
Skewness = 0.14, Kurtosis = 1.84, MValue = 2
-------------------- Histogram --------------------
[526.880 μs ; 531.629 μs) | @@@@@@@@@@@@@@
---------------------------------------------------

UpdateTargetsBenchmark.Optimized_HashSet: DefaultJob [NumberOfAgents=500]
Runtime = .NET 8.0.24 (8.0.2426.7010), X64 RyuJIT AVX2; GC = Concurrent Workstation
Mean = 45.355 μs, StdErr = 0.028 μs (0.06%), N = 14, StdDev = 0.105 μs
Min = 45.185 μs, Q1 = 45.301 μs, Median = 45.358 μs, Q3 = 45.408 μs, Max = 45.547 μs
IQR = 0.107 μs, LowerFence = 45.141 μs, UpperFence = 45.568 μs
ConfidenceInterval = [45.237 μs; 45.473 μs] (CI 99.9%), Margin = 0.118 μs (0.26% of Mean)
Skewness = 0.16, Kurtosis = 2.08, MValue = 2
-------------------- Histogram --------------------
[45.128 μs ; 45.604 μs) | @@@@@@@@@@@@@@
---------------------------------------------------

// * Summary *

BenchmarkDotNet v0.13.12, Ubuntu 24.04.4 LTS (Noble Numbat)
Intel Xeon Processor 2.30GHz, 1 CPU, 4 logical and 4 physical cores
.NET SDK 10.0.103
  [Host]     : .NET 8.0.24 (8.0.2426.7010), X64 RyuJIT AVX2
  DefaultJob : .NET 8.0.24 (8.0.2426.7010), X64 RyuJIT AVX2


| Method            | NumberOfAgents | Mean         | Error       | StdDev      | Ratio | Gen0   | Gen1   | Allocated | Alloc Ratio |
|------------------ |--------------- |-------------:|------------:|------------:|------:|-------:|-------:|----------:|------------:|
| Baseline_List     | 10             |     514.5 ns |     1.52 ns |     1.42 ns |  1.00 | 0.0134 |      - |     320 B |        1.00 |
| Optimized_HashSet | 10             |     896.6 ns |     2.52 ns |     2.36 ns |  1.74 | 0.0372 |      - |     888 B |        2.77 |
|                   |                |              |             |             |       |        |        |           |             |
| Baseline_List     | 50             |   7,007.9 ns |    10.93 ns |     9.69 ns |  1.00 | 0.0534 |      - |    1280 B |        1.00 |
| Optimized_HashSet | 50             |   4,186.6 ns |    15.28 ns |    14.30 ns |  0.60 | 0.1678 |      - |    4008 B |        3.13 |
|                   |                |              |             |             |       |        |        |           |             |
| Baseline_List     | 100            |  21,014.3 ns |    72.96 ns |    64.68 ns |  1.00 | 0.0916 |      - |    2480 B |        1.00 |
| Optimized_HashSet | 100            |   8,405.5 ns |    48.12 ns |    45.01 ns |  0.40 | 0.2899 |      - |    7128 B |        2.87 |
|                   |                |              |             |             |       |        |        |           |             |
| Baseline_List     | 500            | 529,251.3 ns | 1,208.85 ns | 1,071.61 ns |  1.00 |      - |      - |   12081 B |        1.00 |
| Optimized_HashSet | 500            |  45,354.7 ns |   117.90 ns |   104.52 ns |  0.09 | 1.3428 | 0.1221 |   32688 B |        2.71 |

// * Hints *
Outliers
  UpdateTargetsBenchmark.Baseline_List: Default     -> 1 outlier  was  removed (7.04 μs)
  UpdateTargetsBenchmark.Baseline_List: Default     -> 1 outlier  was  removed (21.36 μs)
  UpdateTargetsBenchmark.Baseline_List: Default     -> 1 outlier  was  removed (534.81 μs)
  UpdateTargetsBenchmark.Optimized_HashSet: Default -> 1 outlier  was  removed (45.91 μs)

// * Legends *
  NumberOfAgents : Value of the 'NumberOfAgents' parameter
  Mean           : Arithmetic mean of all measurements
  Error          : Half of 99.9% confidence interval
  StdDev         : Standard deviation of all measurements
  Ratio          : Mean of the ratio distribution ([Current]/[Baseline])
  Gen0           : GC Generation 0 collects per 1000 operations
  Gen1           : GC Generation 1 collects per 1000 operations
  Allocated      : Allocated memory per single operation (managed only, inclusive, 1KB = 1024B)
  Alloc Ratio    : Allocated memory ratio distribution ([Current]/[Baseline])
  1 ns           : 1 Nanosecond (0.000000001 sec)

// * Diagnostic Output - MemoryDiagnoser *


// ***** BenchmarkRunner: End *****
Run time: 00:02:30 (150.76 sec), executed benchmarks: 8

Global total time: 00:02:40 (160.3 sec), executed benchmarks: 8
// * Artifacts cleanup *
Artifacts cleanup is finished
